// Jest Snapshot v1, https://goo.gl/fbAQLP

exports[` 1`] = `ShallowWrapper {}`;

exports[`helo 1`] = `ShallowWrapper {}`;
